[    0.000000] Linux version 4.15.0-66-generic (buildd@lgw01-amd64-044) (gcc version 7.4.0 (Ubuntu 7.4.0-1ubuntu1~18.04.1)) #75-Ubuntu SMP Tue Oct 1 05:24:09 UTC 2019 (Ubuntu 4.15.0-66.75-generic 4.15.18)
[    0.000000] Command line: BOOT_IMAGE=/boot/vmlinuz-4.15.0-66-generic root=LABEL=cloudimg-rootfs ro console=tty1 console=ttyS0
[    0.000000] KERNEL supported cpus:
[    0.000000]   Intel GenuineIntel
[    0.000000]   AMD AuthenticAMD
[    0.000000]   Centaur CentaurHauls
[    0.000000] x86/fpu: Supporting XSAVE feature 0x001: 'x87 floating point registers'
[    0.000000] x86/fpu: Supporting XSAVE feature 0x002: 'SSE registers'
[    0.000000] x86/fpu: Supporting XSAVE feature 0x004: 'AVX registers'
[    0.000000] x86/fpu: xstate_offset[2]:  576, xstate_sizes[2]:  256
[    0.000000] x86/fpu: Enabled xstate features 0x7, context size is 832 bytes, using 'standard' format.
[    0.000000] e820: BIOS-provided physical RAM map:
[    0.000000] BIOS-e820: [mem 0x0000000000000000-0x000000000009fbff] usable
[    0.000000] BIOS-e820: [mem 0x000000000009fc00-0x000000000009ffff] reserved
[    0.000000] BIOS-e820: [mem 0x00000000000f0000-0x00000000000fffff] reserved
[    0.000000] BIOS-e820: [mem 0x0000000000100000-0x00000000dffeffff] usable
[    0.000000] BIOS-e820: [mem 0x00000000dfff0000-0x00000000dfffffff] ACPI data
[    0.000000] BIOS-e820: [mem 0x00000000fec00000-0x00000000fec00fff] reserved
[    0.000000] BIOS-e820: [mem 0x00000000fee00000-0x00000000fee00fff] reserved
[    0.000000] BIOS-e820: [mem 0x00000000fffc0000-0x00000000ffffffff] reserved
[    0.000000] BIOS-e820: [mem 0x0000000100000000-0x000000011fffffff] usable
[    0.000000] NX (Execute Disable) protection: active
[    0.000000] SMBIOS 2.5 present.
[    0.000000] DMI: innotek GmbH VirtualBox/VirtualBox, BIOS VirtualBox 12/01/2006
[    0.000000] Hypervisor detected: KVM
[    0.000000] e820: last_pfn = 0x120000 max_arch_pfn = 0x400000000
[    0.000000] MTRR: Disabled
[    0.000000] x86/PAT: MTRRs disabled, skipping PAT initialization too.
[    0.000000] CPU MTRRs all blank - virtualized system.
[    0.000000] x86/PAT: Configuration [0-7]: WB  WT  UC- UC  WB  WT  UC- UC  
[    0.000000] e820: last_pfn = 0xdfff0 max_arch_pfn = 0x400000000
[    0.000000] found SMP MP-table at [mem 0x0009fff0-0x0009ffff]
[    0.000000] Scanning 1 areas for low memory corruption
[    0.000000] RAMDISK: [mem 0x35a89000-0x36d3bfff]
[    0.000000] ACPI: Early table checksum verification disabled
[    0.000000] ACPI: RSDP 0x00000000000E0000 000024 (v02 VBOX  )
[    0.000000] ACPI: XSDT 0x00000000DFFF0030 00003C (v01 VBOX   VBOXXSDT 00000001 ASL  00000061)
[    0.000000] ACPI: FACP 0x00000000DFFF00F0 0000F4 (v04 VBOX   VBOXFACP 00000001 ASL  00000061)
[    0.000000] ACPI: DSDT 0x00000000DFFF0470 0022EA (v02 VBOX   VBOXBIOS 00000002 INTL 20190509)
[    0.000000] ACPI: FACS 0x00000000DFFF0200 000040
[    0.000000] ACPI: FACS 0x00000000DFFF0200 000040
[    0.000000] ACPI: APIC 0x00000000DFFF0240 00005C (v02 VBOX   VBOXAPIC 00000001 ASL  00000061)
[    0.000000] ACPI: SSDT 0x00000000DFFF02A0 0001CC (v01 VBOX   VBOXCPUT 00000002 INTL 20190509)
[    0.000000] No NUMA configuration found
[    0.000000] Faking a node at [mem 0x0000000000000000-0x000000011fffffff]
[    0.000000] NODE_DATA(0) allocated [mem 0x11ffd5000-0x11fffffff]
[    0.000000] kvm-clock: cpu 0, msr 1:1ff54001, primary cpu clock
[    0.000000] kvm-clock: Using msrs 4b564d01 and 4b564d00
[    0.000000] kvm-clock: using sched offset of 4561386204 cycles
[    0.000000] clocksource: kvm-clock: mask: 0xffffffffffffffff max_cycles: 0x1cd42e4dffb, max_idle_ns: 881590591483 ns
[    0.000000] Zone ranges:
[    0.000000]   DMA      [mem 0x0000000000001000-0x0000000000ffffff]
[    0.000000]   DMA32    [mem 0x0000000001000000-0x00000000ffffffff]
[    0.000000]   Normal   [mem 0x0000000100000000-0x000000011fffffff]
[    0.000000]   Device   empty
[    0.000000] Movable zone start for each node
[    0.000000] Early memory node ranges
[    0.000000]   node   0: [mem 0x0000000000001000-0x000000000009efff]
[    0.000000]   node   0: [mem 0x0000000000100000-0x00000000dffeffff]
[    0.000000]   node   0: [mem 0x0000000100000000-0x000000011fffffff]
[    0.000000] Reserved but unavailable: 98 pages
[    0.000000] Initmem setup node 0 [mem 0x0000000000001000-0x000000011fffffff]
[    0.000000] ACPI: PM-Timer IO Port: 0x4008
[    0.000000] IOAPIC[0]: apic_id 2, version 32, address 0xfec00000, GSI 0-23
[    0.000000] ACPI: INT_SRC_OVR (bus 0 bus_irq 0 global_irq 2 dfl dfl)
[    0.000000] ACPI: INT_SRC_OVR (bus 0 bus_irq 9 global_irq 9 low level)
[    0.000000] Using ACPI (MADT) for SMP configuration information
[    0.000000] smpboot: Allowing 2 CPUs, 0 hotplug CPUs
[    0.000000] PM: Registered nosave memory: [mem 0x00000000-0x00000fff]
[    0.000000] PM: Registered nosave memory: [mem 0x0009f000-0x0009ffff]
[    0.000000] PM: Registered nosave memory: [mem 0x000a0000-0x000effff]
[    0.000000] PM: Registered nosave memory: [mem 0x000f0000-0x000fffff]
[    0.000000] PM: Registered nosave memory: [mem 0xdfff0000-0xdfffffff]
[    0.000000] PM: Registered nosave memory: [mem 0xe0000000-0xfebfffff]
[    0.000000] PM: Registered nosave memory: [mem 0xfec00000-0xfec00fff]
[    0.000000] PM: Registered nosave memory: [mem 0xfec01000-0xfedfffff]
[    0.000000] PM: Registered nosave memory: [mem 0xfee00000-0xfee00fff]
[    0.000000] PM: Registered nosave memory: [mem 0xfee01000-0xfffbffff]
[    0.000000] PM: Registered nosave memory: [mem 0xfffc0000-0xffffffff]
[    0.000000] e820: [mem 0xe0000000-0xfebfffff] available for PCI devices
[    0.000000] Booting paravirtualized kernel on KVM
[    0.000000] clocksource: refined-jiffies: mask: 0xffffffff max_cycles: 0xffffffff, max_idle_ns: 7645519600211568 ns
[    0.000000] random: get_random_bytes called from start_kernel+0x99/0x4fd with crng_init=0
[    0.000000] setup_percpu: NR_CPUS:8192 nr_cpumask_bits:2 nr_cpu_ids:2 nr_node_ids:1
[    0.000000] percpu: Embedded 46 pages/cpu s151552 r8192 d28672 u1048576
[    0.000000] PV qspinlock hash table entries: 256 (order: 0, 4096 bytes)
[    0.000000] Built 1 zonelists, mobility grouping on.  Total pages: 1032057
[    0.000000] Policy zone: Normal
[    0.000000] Kernel command line: BOOT_IMAGE=/boot/vmlinuz-4.15.0-66-generic root=LABEL=cloudimg-rootfs ro console=tty1 console=ttyS0
[    0.000000] Memory: 4014056K/4193848K available (12300K kernel code, 2481K rwdata, 4260K rodata, 2436K init, 2388K bss, 179792K reserved, 0K cma-reserved)
[    0.000000] SLUB: HWalign=64, Order=0-3, MinObjects=0, CPUs=2, Nodes=1
[    0.000000] Kernel/User page tables isolation: enabled
[    0.000000] ftrace: allocating 39306 entries in 154 pages
[    0.004000] Hierarchical RCU implementation.
[    0.004000] 	RCU restricting CPUs from NR_CPUS=8192 to nr_cpu_ids=2.
[    0.004000] 	Tasks RCU enabled.
[    0.004000] RCU: Adjusting geometry for rcu_fanout_leaf=16, nr_cpu_ids=2
[    0.004000] NR_IRQS: 524544, nr_irqs: 440, preallocated irqs: 16
[    0.004000] Console: colour VGA+ 80x25
[    0.004000] console [tty1] enabled
[    0.004000] console [ttyS0] enabled
[    0.004000] ACPI: Core revision 20170831
[    0.004000] ACPI: 2 ACPI AML tables successfully acquired and loaded
[    0.004000] APIC: Switch to symmetric I/O mode setup
[    0.004000] x2apic enabled
[    0.004000] Switched APIC routing to physical x2apic.
[    0.004000] ..TIMER: vector=0x30 apic1=0 pin1=2 apic2=-1 pin2=-1
[    0.004000] tsc: Detected 2170.322 MHz processor
[    0.004000] Calibrating delay loop (skipped) preset value.. 4340.64 BogoMIPS (lpj=8681288)
[    0.004005] pid_max: default: 32768 minimum: 301
[    0.004569] Security Framework initialized
[    0.005066] Yama: becoming mindful.
[    0.005495] AppArmor: AppArmor initialized
[    0.007214] Dentry cache hash table entries: 524288 (order: 10, 4194304 bytes)
[    0.008592] Inode-cache hash table entries: 262144 (order: 9, 2097152 bytes)
[    0.009437] Mount-cache hash table entries: 8192 (order: 4, 65536 bytes)
[    0.010180] Mountpoint-cache hash table entries: 8192 (order: 4, 65536 bytes)
[    0.011250] Last level iTLB entries: 4KB 64, 2MB 8, 4MB 8
[    0.012002] Last level dTLB entries: 4KB 64, 2MB 0, 4MB 0, 1GB 4
[    0.012677] Spectre V1 : Mitigation: usercopy/swapgs barriers and __user pointer sanitization
[    0.013639] Spectre V2 : Mitigation: Full generic retpoline
[    0.014255] Spectre V2 : Spectre v2 / SpectreRSB mitigation: Filling RSB on context switch
[    0.015189] Speculative Store Bypass: Vulnerable
[    0.016051] MDS: Mitigation: Clear CPU buffers
[    0.016720] Freeing SMP alternatives memory: 36K
[    0.125460] APIC calibration not consistent with PM-Timer: 98ms instead of 100ms
[    0.126385] APIC delta adjusted to PM-Timer: 6253740 (6147134)
[    0.127129] smpboot: CPU0: Intel(R) Core(TM) i7-8750H CPU @ 2.20GHz (family: 0x6, model: 0x9e, stepping: 0xa)
[    0.128000] Performance Events: unsupported p6 CPU model 158 no PMU driver, software events only.
[    0.128000] Hierarchical SRCU implementation.
[    0.128000] NMI watchdog: Perf event create on CPU 0 failed with -2
[    0.128000] NMI watchdog: Perf NMI watchdog permanently disabled
[    0.128038] smp: Bringing up secondary CPUs ...
[    0.129312] x86: Booting SMP configuration:
[    0.129867] .... node  #0, CPUs:      #1
[    0.004000] kvm-clock: cpu 1, msr 1:1ff54041, secondary cpu clock
[    0.132025] smp: Brought up 1 node, 2 CPUs
[    0.132538] smpboot: Max logical packages: 1
[    0.133150] smpboot: Total of 2 processors activated (8681.28 BogoMIPS)
[    0.136193] devtmpfs: initialized
[    0.136465] x86/mm: Memory block size: 128MB
[    0.137211] evm: security.selinux
[    0.137668] evm: security.SMACK64
[    0.138081] evm: security.SMACK64EXEC
[    0.138516] evm: security.SMACK64TRANSMUTE
[    0.138993] evm: security.SMACK64MMAP
[    0.140002] evm: security.apparmor
[    0.140418] evm: security.ima
[    0.140784] evm: security.capability
[    0.141244] clocksource: jiffies: mask: 0xffffffff max_cycles: 0xffffffff, max_idle_ns: 7645041785100000 ns
[    0.141244] futex hash table entries: 512 (order: 3, 32768 bytes)
[    0.141856] pinctrl core: initialized pinctrl subsystem
[    0.144017] RTC time: 22:14:54, date: 11/05/19
[    0.144634] NET: Registered protocol family 16
[    0.145258] audit: initializing netlink subsys (disabled)
[    0.145938] audit: type=2000 audit(1572992101.092:1): state=initialized audit_enabled=0 res=1
[    0.145938] cpuidle: using governor ladder
[    0.145938] cpuidle: using governor menu
[    0.148068] ACPI: bus type PCI registered
[    0.148630] acpiphp: ACPI Hot Plug PCI Controller Driver version: 0.5
[    0.149600] PCI: Using configuration type 1 for base access
[    0.152204] HugeTLB registered 2.00 MiB page size, pre-allocated 0 pages
[    0.153085] ACPI: Added _OSI(Module Device)
[    0.153085] ACPI: Added _OSI(Processor Device)
[    0.153085] ACPI: Added _OSI(3.0 _SCP Extensions)
[    0.156007] ACPI: Added _OSI(Processor Aggregator Device)
[    0.156619] ACPI: Added _OSI(Linux-Dell-Video)
[    0.157134] ACPI: Added _OSI(Linux-Lenovo-NV-HDMI-Audio)
[    0.157737] ACPI: Added _OSI(Linux-HPI-Hybrid-Graphics)
[    0.158568] ACPI: Executed 1 blocks of module-level executable AML code
[    0.162573] ACPI: Interpreter enabled
[    0.163185] ACPI: (supports S0 S5)
[    0.163615] ACPI: Using IOAPIC for interrupt routing
[    0.164181] PCI: Using host bridge windows from ACPI; if necessary, use "pci=nocrs" and report a bug
[    0.165326] ACPI: Enabled 2 GPEs in block 00 to 07
[    0.171526] ACPI: PCI Root Bridge [PCI0] (domain 0000 [bus 00-ff])
[    0.172009] acpi PNP0A03:00: _OSC: OS supports [ASPM ClockPM Segments MSI]
[    0.173740] acpi PNP0A03:00: _OSC: not requesting OS control; OS requires [ExtendedConfig ASPM ClockPM MSI]
[    0.176012] acpi PNP0A03:00: fail to add MMCONFIG information, can't access extended PCI configuration space under this bridge.
[    0.177532] PCI host bridge to bus 0000:00
[    0.178021] pci_bus 0000:00: root bus resource [io  0x0000-0x0cf7 window]
[    0.178763] pci_bus 0000:00: root bus resource [io  0x0d00-0xffff window]
[    0.179541] pci_bus 0000:00: root bus resource [mem 0x000a0000-0x000bffff window]
[    0.180002] pci_bus 0000:00: root bus resource [mem 0xe0000000-0xfdffffff window]
[    0.180869] pci_bus 0000:00: root bus resource [bus 00-ff]
[    0.182951] pci 0000:00:01.1: legacy IDE quirk: reg 0x10: [io  0x01f0-0x01f7]
[    0.184004] pci 0000:00:01.1: legacy IDE quirk: reg 0x14: [io  0x03f6]
[    0.184763] pci 0000:00:01.1: legacy IDE quirk: reg 0x18: [io  0x0170-0x0177]
[    0.185633] pci 0000:00:01.1: legacy IDE quirk: reg 0x1c: [io  0x0376]
[    0.261363] pci 0000:00:07.0: quirk: [io  0x4000-0x403f] claimed by PIIX4 ACPI
[    0.264011] pci 0000:00:07.0: quirk: [io  0x4100-0x410f] claimed by PIIX4 SMB
[    0.289257] ACPI: PCI Interrupt Link [LNKA] (IRQs 5 9 10 *11)
[    0.290194] ACPI: PCI Interrupt Link [LNKB] (IRQs 5 9 *10 11)
[    0.292087] ACPI: PCI Interrupt Link [LNKC] (IRQs 5 *9 10 11)
[    0.292809] ACPI: PCI Interrupt Link [LNKD] (IRQs 5 9 10 *11)
[    0.293778] SCSI subsystem initialized
[    0.294370] pci 0000:00:02.0: vgaarb: setting as boot VGA device
[    0.294370] pci 0000:00:02.0: vgaarb: VGA device added: decodes=io+mem,owns=io+mem,locks=none
[    0.296014] pci 0000:00:02.0: vgaarb: bridge control possible
[    0.296678] vgaarb: loaded
[    0.297048] ACPI: bus type USB registered
[    0.297542] usbcore: registered new interface driver usbfs
[    0.298208] usbcore: registered new interface driver hub
[    0.299466] usbcore: registered new device driver usb
[    0.300196] EDAC MC: Ver: 3.0.0
[    0.300955] PCI: Using ACPI for IRQ routing
[    0.300977] NetLabel: Initializing
[    0.301399] NetLabel:  domain hash size = 128
[    0.301923] NetLabel:  protocols = UNLABELED CIPSOv4 CALIPSO
[    0.304016] NetLabel:  unlabeled traffic allowed by default
[    0.304752] clocksource: Switched to clocksource kvm-clock
[    0.314223] VFS: Disk quotas dquot_6.6.0
[    0.314799] VFS: Dquot-cache hash table entries: 512 (order 0, 4096 bytes)
[    0.315751] AppArmor: AppArmor Filesystem Enabled
[    0.316385] pnp: PnP ACPI init
[    0.317756] pnp: PnP ACPI: found 3 devices
[    0.326279] clocksource: acpi_pm: mask: 0xffffff max_cycles: 0xffffff, max_idle_ns: 2085701024 ns
[    0.327519] NET: Registered protocol family 2
[    0.328280] TCP established hash table entries: 32768 (order: 6, 262144 bytes)
[    0.329315] TCP bind hash table entries: 32768 (order: 7, 524288 bytes)
[    0.330344] TCP: Hash tables configured (established 32768 bind 32768)
[    0.331211] UDP hash table entries: 2048 (order: 4, 65536 bytes)
[    0.332527] UDP-Lite hash table entries: 2048 (order: 4, 65536 bytes)
[    0.333772] NET: Registered protocol family 1
[    0.334503] pci 0000:00:00.0: Limiting direct PCI/PCI transfers
[    0.335494] pci 0000:00:01.0: Activating ISA DMA hang workarounds
[    0.336377] pci 0000:00:02.0: Video device with shadowed ROM at [mem 0x000c0000-0x000dffff]
[    0.337417] Unpacking initramfs...
[    0.572483] Freeing initrd memory: 19148K
[    0.573031] PCI-DMA: Using software bounce buffering for IO (SWIOTLB)
[    0.573770] software IO TLB: mapped [mem 0xdbff0000-0xdfff0000] (64MB)
[    0.574575] clocksource: tsc: mask: 0xffffffffffffffff max_cycles: 0x1f48af2eb9c, max_idle_ns: 440795293324 ns
[    0.575736] platform rtc_cmos: registered platform RTC device (no PNP device found)
[    0.576677] Scanning for low memory corruption every 60 seconds
[    0.577830] Initialise system trusted keyrings
[    0.578361] Key type blacklist registered
[    0.578952] workingset: timestamp_bits=36 max_order=20 bucket_order=0
[    0.580399] zbud: loaded
[    0.581139] squashfs: version 4.0 (2009/01/31) Phillip Lougher
[    0.582017] fuse init (API version 7.26)
[    0.586047] Key type asymmetric registered
[    0.586608] Asymmetric key parser 'x509' registered
[    0.587218] Block layer SCSI generic (bsg) driver version 0.4 loaded (major 246)
[    0.588175] io scheduler noop registered
[    0.588653] io scheduler deadline registered
[    0.589185] io scheduler cfq registered (default)
[    0.589984] ACPI: AC Adapter [AC] (on-line)
[    0.590514] input: Power Button as /devices/LNXSYSTM:00/LNXPWRBN:00/input/input0
[    0.591416] ACPI: Power Button [PWRF]
[    0.591898] input: Sleep Button as /devices/LNXSYSTM:00/LNXSLPBN:00/input/input1
[    0.592785] ACPI: Sleep Button [SLPF]
[    0.593899] ACPI: Battery Slot [BAT0] (battery present)
[    0.594614] Serial: 8250/16550 driver, 32 ports, IRQ sharing enabled
[    0.615840] 00:02: ttyS0 at I/O 0x3f8 (irq = 4, base_baud = 115200) is a 16550A
[    0.618575] Linux agpgart interface v0.103
[    0.621607] loop: module loaded
[    0.622978] scsi host0: ata_piix
[    0.624758] scsi host1: ata_piix
[    0.626131] ata1: PATA max UDMA/33 cmd 0x1f0 ctl 0x3f6 bmdma 0xd000 irq 14
[    0.627170] ata2: PATA max UDMA/33 cmd 0x170 ctl 0x376 bmdma 0xd008 irq 15
[    0.628335] libphy: Fixed MDIO Bus: probed
[    0.629021] tun: Universal TUN/TAP device driver, 1.6
[    0.630054] PPP generic driver version 2.4.2
[    0.634547] ehci_hcd: USB 2.0 'Enhanced' Host Controller (EHCI) Driver
[    0.635627] ehci-pci: EHCI PCI platform driver
[    0.636572] ehci-platform: EHCI generic platform driver
[    0.637443] ohci_hcd: USB 1.1 'Open' Host Controller (OHCI) Driver
[    0.638413] ohci-pci: OHCI PCI platform driver
[    0.639147] ohci-platform: OHCI generic platform driver
[    0.639982] uhci_hcd: USB Universal Host Controller Interface driver
[    0.641099] i8042: PNP: PS/2 Controller [PNP0303:PS2K,PNP0f03:PS2M] at 0x60,0x64 irq 1,12
[    0.642861] serio: i8042 KBD port at 0x60,0x64 irq 1
[    0.643686] serio: i8042 AUX port at 0x60,0x64 irq 12
[    0.644718] mousedev: PS/2 mouse device common for all mice
[    0.646225] input: AT Translated Set 2 keyboard as /devices/platform/i8042/serio0/input/input2
[    0.649605] rtc_cmos rtc_cmos: rtc core: registered rtc_cmos as rtc0
[    0.650674] rtc_cmos rtc_cmos: alarms up to one day, 114 bytes nvram
[    0.651419] i2c /dev entries driver
[    0.651946] device-mapper: uevent: version 1.0.3
[    0.652595] device-mapper: ioctl: 4.37.0-ioctl (2017-09-20) initialised: dm-devel@redhat.com
[    0.653780] ledtrig-cpu: registered to indicate activity on CPUs
[    0.654793] NET: Registered protocol family 10
[    0.658117] Segment Routing with IPv6
[    0.658911] NET: Registered protocol family 17
[    0.659734] Key type dns_resolver registered
[    0.660712] mce: Using 0 MCE banks
[    0.661173] RAS: Correctable Errors collector initialized.
[    0.661816] sched_clock: Marking stable (660690016, 0)->(824973869, -164283853)
[    0.663021] registered taskstats version 1
[    0.663565] Loading compiled-in X.509 certificates
[    0.666051] Loaded X.509 cert 'Build time autogenerated kernel key: 01a66adcc10ca4ce7676a3458c33483b0e2b806e'
[    0.667188] zswap: loaded using pool lzo/zbud
[    0.673390] Key type big_key registered
[    0.673985] Key type trusted registered
[    0.675678] Key type encrypted registered
[    0.676278] AppArmor: AppArmor sha1 policy hashing enabled
[    0.676996] ima: No TPM chip found, activating TPM-bypass! (rc=-19)
[    0.677780] ima: Allocated hash algorithm: sha1
[    0.678374] evm: HMAC attrs: 0x1
[    0.678991]   Magic number: 11:907:248
[    0.679652] rtc_cmos rtc_cmos: setting system clock to 2019-11-05 22:14:55 UTC (1572992095)
[    0.681194] BIOS EDD facility v0.16 2004-Jun-25, 0 devices found
[    0.682149] EDD information not available.
[    0.791663] Freeing unused kernel image memory: 2436K
[    0.813802] Write protecting the kernel read-only data: 20480k
[    0.815339] Freeing unused kernel image memory: 2008K
[    0.816741] Freeing unused kernel image memory: 1884K
[    0.822842] x86/mm: Checked W+X mappings: passed, no W+X pages found.
[    0.823665] x86/mm: Checking user space page tables
[    0.828578] x86/mm: Checked W+X mappings: passed, no W+X pages found.
Loading, please wait...
starting version 237
[    0.914753] e1000: Intel(R) PRO/1000 Network Driver - version 7.3.21-k8-NAPI
[    0.916618] e1000: Copyright (c) 1999-2006 Intel Corporation.
[    0.919688] Fusion MPT base driver 3.04.20
[    0.920284] Copyright (c) 1999-2008 LSI Corporation
[    0.931706] Fusion MPT SPI Host driver 3.04.20
[    0.932765] AVX2 version of gcm_enc/dec engaged.
[    0.933390] AES CTR mode by8 optimization enabled
[    0.935930] mptbase: ioc0: Initiating bringup
[    1.124603] ioc0: LSI53C1030 A0: Capabilities={Initiator}
[    1.125410] input: ImExPS/2 Generic Explorer Mouse as /devices/platform/i8042/serio1/input/input4
[    1.366409] scsi host2: ioc0: LSI53C1030 A0, FwRev=00000000h, Ports=1, MaxQ=256, IRQ=20
[    1.533378] scsi 2:0:0:0: Direct-Access     VBOX     HARDDISK         1.0  PQ: 0 ANSI: 5
[    1.566671] scsi target2:0:0: Beginning Domain Validation
[    1.576721] scsi target2:0:0: Domain Validation skipping write tests
[    1.577735] scsi target2:0:0: Ending Domain Validation
[    1.582343] scsi target2:0:0: asynchronous
[    1.597288] scsi 2:0:1:0: Direct-Access     VBOX     HARDDISK         1.0  PQ: 0 ANSI: 5
[    1.860140] scsi target2:0:1: Beginning Domain Validation
[    1.861619] random: fast init done
[    1.861621] scsi target2:0:1: Domain Validation skipping write tests
[    1.862846] scsi target2:0:1: Ending Domain Validation
[    1.863495] scsi target2:0:1: asynchronous
[    1.866212] random: systemd-udevd: uninitialized urandom read (16 bytes read)
[    1.867022] random: systemd-udevd: uninitialized urandom read (16 bytes read)
[    1.868317] random: systemd-udevd: uninitialized urandom read (16 bytes read)
[    1.869220] sd 2:0:0:0: Attached scsi generic sg0 type 0
[    1.869969] sd 2:0:0:0: [sda] 20971520 512-byte logical blocks: (10.7 GB/10.0 GiB)
[    1.870996] sd 2:0:1:0: Attached scsi generic sg1 type 0
[    1.871001] sd 2:0:0:0: [sda] Write Protect is off
[    1.872771] sd 2:0:1:0: [sdb] 20480 512-byte logical blocks: (10.5 MB/10.0 MiB)
[    1.873951] sd 2:0:0:0: [sda] Incomplete mode parameter data
[    1.874683] sd 2:0:0:0: [sda] Assuming drive cache: write through
[    1.875430] sd 2:0:1:0: [sdb] Write Protect is off
[    1.876151] sd 2:0:1:0: [sdb] Incomplete mode parameter data
[    1.876792] sd 2:0:1:0: [sdb] Assuming drive cache: write through
[    1.878243]  sda: sda1
[    1.878932] sd 2:0:0:0: [sda] Attached SCSI disk
[    1.896347] e1000 0000:00:03.0 eth0: (PCI:33MHz:32-bit) 02:8e:72:66:23:f8
[    1.897181] e1000 0000:00:03.0 eth0: Intel(R) PRO/1000 Network Connection
[    1.898718] e1000 0000:00:03.0 enp0s3: renamed from eth0
[    1.959217] sd 2:0:1:0: [sdb] Attached SCSI disk
Begin: Loading essential drivers ... [    3.604545] raid6: sse2x1   gen() 12763 MB/s
[    3.652160] raid6: sse2x1   xor()  9501 MB/s
[    3.703081] raid6: sse2x2   gen() 16791 MB/s
[    3.753913] raid6: sse2x2   xor() 12286 MB/s
[    3.804794] raid6: sse2x4   gen() 19792 MB/s
[    3.853087] raid6: sse2x4   xor() 10901 MB/s
[    3.906571] raid6: avx2x1   gen() 28685 MB/s
[    3.954829] raid6: avx2x1   xor() 19098 MB/s
[    4.003667] raid6: avx2x2   gen() 31802 MB/s
[    4.059186] raid6: avx2x2   xor() 23008 MB/s
[    4.109990] raid6: avx2x4   gen() 36011 MB/s
[    4.160963] raid6: avx2x4   xor() 13723 MB/s
[    4.161553] raid6: using algorithm avx2x4 gen() 36011 MB/s
[    4.162184] raid6: .... xor() 13723 MB/s, rmw enabled
[    4.162780] raid6: using avx2x2 recovery algorithm
[    4.164851] xor: automatically using best checksumming function   avx       
[    4.166657] async_tx: api initialized (async)
done.
Begin: Running /scripts/init-premount ... done.
Begin: Mounting root file system ... Begin: Running /scripts/local-top ... done.
Begin: Running /scripts/local-premount ... [    4.209650] Btrfs loaded, crc32c=crc32c-intel
Scanning for Btrfs filesystems
done.
Warning: fsck not present, so skipping root file system
[    4.436271] EXT4-fs (sda1): mounted filesystem with ordered data mode. Opts: (null)
done.
Begin: Running /scripts/local-bottom ... done.
Begin: Running /scripts/init-bottom ... done.
[    6.633977] ip_tables: (C) 2000-2006 Netfilter Core Team
[    6.771152] systemd[1]: systemd 237 running in system mode. (+PAM +AUDIT +SELINUX +IMA +APPARMOR +SMACK +SYSVINIT +UTMP +LIBCRYPTSETUP +GCRYPT +GNUTLS +ACL +XZ +LZ4 +SECCOMP +BLKID +ELFUTILS +KMOD -IDN2 +IDN -PCRE2 default-hierarchy=hybrid)
[    6.781215] systemd[1]: Detected virtualization oracle.
[    6.783671] systemd[1]: Detected architecture x86-64.
[    6.805934] random: crng init done
[    6.806854] random: 7 urandom warning(s) missed due to ratelimiting

Welcome to [1mUbuntu 18.04.3 LTS[0m!

[    6.836287] systemd[1]: Set hostname to <ubuntu>.
[    6.873597] systemd[1]: Initializing machine ID from random generator.
[    6.874456] systemd[1]: Installed transient /etc/machine-id file.
[    8.517019] systemd[1]: Set up automount Arbitrary Executable File Formats File System Automount Point.
[[0;32m  OK  [0m] Set up automount Arbitrary Executabâ€¦rmats File System Automount Point.
[    8.519186] systemd[1]: Reached target User and Group Name Lookups.
[[0;32m  OK  [0m] Reached target User and Group Name Lookups.
[    8.521653] systemd[1]: Created slice User and Session Slice.
[[0;32m  OK  [0m] Created slice User and Session Slice.
[    8.522903] systemd[1]: Started Forward Password Requests to Wall Directory Watch.
[[0;32m  OK  [0m] Started Forward Password Requests to Wall Directory Watch.
[[0;32m  OK  [0m] Reached target Swap.
[[0;32m  OK  [0m] Reached target System Time Synchronized.
[[0;32m  OK  [0m] Created slice System Slice.
[[0;32m  OK  [0m] Listening on Journal Socket (/dev/log).
[[0;32m  OK  [0m] Listening on Journal Socket.
         Starting Create list of required stâ€¦ce nodes for the current kernel...
[[0;32m  OK  [0m] Listening on LVM2 metadata daemon socket.
         Starting Uncomplicated firewall...
[[0;32m  OK  [0m] Listening on Journal Audit Socket.
[[0;32m  OK  [0m] Listening on /dev/initctl Compatibility Named Pipe.
         Mounting Kernel Debug File System...
[[0;32m  OK  [0m] Listening on udev Control Socket.
[[0;32m  OK  [0m] Listening on Device-mapper event daemon FIFOs.
         Starting Monitoring of LVM2 mirrorsâ€¦ng dmeventd or progress polling...
[[0;32m  OK  [0m] Listening on Network Service Netlink Socket.
         Mounting Huge Pages File System...
         Starting Load Kernel Modules...
         Mounting POSIX Message Queue File System...
         Starting Remount Root and Kernel File Systems...
[[0;32m  OK  [0m] Created slice system-serial\x2dgetty.slice.
[[0;32m  OK  [0m] Reached target Slices.
[[0;32m  OK  [0m] Listening on Syslog Socket.
         Starting Journal Service...
[[0;32m  OK  [0m] Listening on udev Kernel Socket.
         Starting udev Coldplug all Devices...
[[0;32m  OK  [0m] Listening on LVM2 poll daemon socket.
         Starting Set the console keyboard layout...
[[0;32m  OK  [0m] Started Uncomplicated firewall.
[[0;32m  OK  [0m] Started Create list of required staâ€¦vice nodes for the current kernel.
         Starting Create Static Device Nodes in /dev...
[[0;32m  OK  [0m] Mounted Kernel Debug File System.
[[0;32m  OK  [0m] Mounted Huge Pages File System.
[[0;32m  OK  [0m] Mounted POSIX Message Queue File System.
[    8.914895] Loading iSCSI transport class v2.0-870.
[    9.100209] EXT4-fs (sda1): re-mounted. Opts: (null)
[[0;32m  OK  [0m] Started Remount Root and Kernel File Systems.
[[0;32m  OK  [0m] Started udev Coldplug all Devices.
         Starting Load/Save Random Seed...
[    9.197264] iscsi: registered transport (tcp)
[[0;32m  OK  [0m] Started Journal Service.
[[0;32m  OK  [0m] Started LVM2 metadata daemon.
         Starting Flush Journal to Persistent Storage...
[[0;32m  OK  [0m] Started Load/Save Random Seed.
[    9.428059] iscsi: registered transport (iser)
[[0;32m  OK  [0m] Started Load Kernel Modules.
         Mounting FUSE Control File System...
         Mounting Kernel Configuration File System...
         Starting Apply Kernel Variables...
[[0;32m  OK  [0m] Mounted FUSE Control File System.
[[0;32m  OK  [0m] Mounted Kernel Configuration File System.
[    9.506415] systemd-journald[385]: Received request to flush runtime journal from PID 1
[[0;32m  OK  [0m] Started Create Static Device Nodes in /dev.
         Starting udev Kernel Device Manager...
[[0;32m  OK  [0m] Started Apply Kernel Variables.
[[0;32m  OK  [0m] Started Monitoring of LVM2 mirrors,â€¦sing dmeventd or progress polling.
[[0;32m  OK  [0m] Started Flush Journal to Persistent Storage.
[[0;32m  OK  [0m] Started udev Kernel Device Manager.
[[0;32m  OK  [0m] Found device /dev/ttyS0.
[[0;32m  OK  [0m] Listening on Load/Save RF Kill Switch Status /dev/rfkill Watch.
[[0;32m  OK  [0m] Started Set the console keyboard layout.
[[0;32m  OK  [0m] Started Dispatch Password Requests to Console Directory Watch.
[[0;32m  OK  [0m] Reached target Local Encrypted Volumes.
[[0;32m  OK  [0m] Reached target Local File Systems (Pre).
[[0;32m  OK  [0m] Reached target Local File Systems.
         Starting ebtables ruleset management...
         Starting Commit a transient machine-id on disk...
         Starting AppArmor initialization...
         Starting Set console font and keymap...
         Starting Create Volatile Files and Directories...
         Starting Tell Plymouth To Write Out Runtime Data...
[[0;32m  OK  [0m] Started Set console font and keymap.
[[0;32m  OK  [0m] Started Tell Plymouth To Write Out Runtime Data.
[[0;32m  OK  [0m] Started Create Volatile Files and Directories.
         Starting Update UTMP about System Boot/Shutdown...
[[0;32m  OK  [0m] Started Commit a transient machine-id on disk.
[[0;32m  OK  [0m] Started Update UTMP about System Boot/Shutdown.
[[0;32m  OK  [0m] Started ebtables ruleset management.
[[0;32m  OK  [0m] Started AppArmor initialization.
         Starting Initial cloud-init job (pre-networking)...
[   20.560619] cloud-init[678]: Cloud-init v. 19.2-36-g059d049c-0ubuntu2~18.04.1 running 'init-local' at Tue, 05 Nov 2019 22:15:14 +0000. Up 19.63 seconds.
[[0;32m  OK  [0m] Started Initial cloud-init job (pre-networking).
[[0;32m  OK  [0m] Reached target Network (Pre).
         Starting Network Service...
[[0;32m  OK  [0m] Started Network Service.
         Starting Network Name Resolution...
         Starting Wait for Network to be Configured...
[[0;32m  OK  [0m] Started Network Name Resolution.
[[0;32m  OK  [0m] Reached target Network.
[[0;32m  OK  [0m] Reached target Host and Network Name Lookups.
[[0;32m  OK  [0m] Started Wait for Network to be Configured.
         Starting Initial cloud-init job (metadata service crawler)...
[   22.761402] cloud-init[797]: Cloud-init v. 19.2-36-g059d049c-0ubuntu2~18.04.1 running 'init' at Tue, 05 Nov 2019 22:15:17 +0000. Up 22.64 seconds.
[   22.762681] cloud-init[797]: ci-info: ++++++++++++++++++++++++++++++++++++++Net device info++++++++++++++++++++++++++++++++++++++
[   22.764040] cloud-init[797]: ci-info: +--------+------+----------------------------+---------------+--------+-------------------+
[   22.765688] cloud-init[797]: ci-info: | Device |  Up  |          Address           |      Mask     | Scope  |     Hw-Address    |
[   22.767666] cloud-init[797]: ci-info: +--------+------+----------------------------+---------------+--------+-------------------+
[   22.768922] cloud-init[797]: ci-info: | enp0s3 | True |         10.0.2.15          | 255.255.255.0 | global | 02:8e:72:66:23:f8 |
[   22.770399] cloud-init[797]: ci-info: | enp0s3 | True | fe80::8e:72ff:fe66:23f8/64 |       .       |  link  | 02:8e:72:66:23:f8 |
[   22.771866] cloud-init[797]: ci-info: |   lo   | True |         127.0.0.1          |   255.0.0.0   |  host  |         .         |
[   22.773294] cloud-init[797]: ci-info: |   lo   | True |          ::1/128           |       .       |  host  |         .         |
[   22.774674] cloud-init[797]: ci-info: +--------+------+----------------------------+---------------+--------+-------------------+
[   22.776080] cloud-init[797]: ci-info: ++++++++++++++++++++++++++++Route IPv4 info+++++++++++++++++++++++++++++
[   22.777273] cloud-init[797]: ci-info: +-------+-------------+----------+-----------------+-----------+-------+
[   22.778424] cloud-init[797]: ci-info: | Route | Destination | Gateway  |     Genmask     | Interface | Flags |
[   22.779532] cloud-init[797]: ci-info: +-------+-------------+----------+-----------------+-----------+-------+
[   22.780762] cloud-init[797]: ci-info: |   0   |   0.0.0.0   | 10.0.2.2 |     0.0.0.0     |   enp0s3  |   UG  |
[   22.781974] cloud-init[797]: ci-info: |   1   |   10.0.2.0  | 0.0.0.0  |  255.255.255.0  |   enp0s3  |   U   |
[   22.783274] cloud-init[797]: ci-info: |   2   |   10.0.2.2  | 0.0.0.0  | 255.255.255.255 |   enp0s3  |   UH  |
[   22.784428] cloud-init[797]: ci-info: +-------+-------------+----------+-----------------+-----------+-------+
[   22.785552] cloud-init[797]: ci-info: +++++++++++++++++++Route IPv6 info+++++++++++++++++++
[   22.786514] cloud-init[797]: ci-info: +-------+-------------+---------+-----------+-------+
[   22.787484] cloud-init[797]: ci-info: | Route | Destination | Gateway | Interface | Flags |
[   22.788545] cloud-init[797]: ci-info: +-------+-------------+---------+-----------+-------+
[   22.789544] cloud-init[797]: ci-info: |   1   |  fe80::/64  |    ::   |   enp0s3  |   U   |
[   22.790510] cloud-init[797]: ci-info: |   3   |    local    |    ::   |   enp0s3  |   U   |
[   22.791458] cloud-init[797]: ci-info: |   4   |   ff00::/8  |    ::   |   enp0s3  |   U   |
[   22.792421] cloud-init[797]: ci-info: +-------+-------------+---------+-----------+-------+
[   29.109357] cloud-init[797]: Generating public/private rsa key pair.
[   29.110266] cloud-init[797]: Your identification has been saved in /etc/ssh/ssh_host_rsa_key.
[   29.111409] cloud-init[797]: Your public key has been saved in /etc/ssh/ssh_host_rsa_key.pub.
[   29.112615] cloud-init[797]: The key fingerprint is:
[   29.113393] cloud-init[797]: SHA256:S3umsxb/MKqlJFdcSmAWL9SxGg7S/HKyvnsMqUx3XuU root@ubuntu-bionic
[   29.114677] cloud-init[797]: The key's randomart image is:
[   29.115556] cloud-init[797]: +---[RSA 2048]----+
[   29.116324] cloud-init[797]: |      *o..       |
[   29.117118] cloud-init[797]: |   o + o..       |
[   29.117812] cloud-init[797]: |  . + o + .      |
[   29.118428] cloud-init[797]: |   . + * o.      |
[   29.119181] cloud-init[797]: |    o.= So       |
[   29.119919] cloud-init[797]: |  . +=.oooE      |
[   29.120720] cloud-init[797]: | o oo=o.+o=      |
[   29.121510] cloud-init[797]: |  o. ++oo=.o     |
[   29.122287] cloud-init[797]: |    ++oo+o ..    |
[   29.123029] cloud-init[797]: +----[SHA256]-----+
[   29.123759] cloud-init[797]: Generating public/private dsa key pair.
[   29.124731] cloud-init[797]: Your identification has been saved in /etc/ssh/ssh_host_dsa_key.
[   29.125889] cloud-init[797]: Your public key has been saved in /etc/ssh/ssh_host_dsa_key.pub.
[   29.127069] cloud-init[797]: The key fingerprint is:
[   29.127922] cloud-init[797]: SHA256:nVlyNItUskO1L/GCSWqEQoibotR40UXd06skiaiPGHA root@ubuntu-bionic
[   29.129410] cloud-init[797]: The key's randomart image is:
[   29.130818] cloud-init[797]: +---[DSA 1024]----+
[   29.132103] cloud-init[797]: | . .o oo. =o*    |
[   29.132968] cloud-init[797]: |. .o . . + B =   |
[   29.133684] cloud-init[797]: | oo o o o B B .  |
[   29.134461] cloud-init[797]: |=oEo o o * @ =   |
[   29.135362] cloud-init[797]: |=.. .   S O + o  |
[   29.136227] cloud-init[797]: |.. .   .   . o   |
[   29.137002] cloud-init[797]: |  o o            |
[   29.137783] cloud-init[797]: | . . .           |
[   29.138581] cloud-init[797]: |                 |
[   29.139366] cloud-init[797]: +----[SHA256]-----+
[   29.140111] cloud-init[797]: Generating public/private ecdsa key pair.
[   29.141117] cloud-init[797]: Your identification has been saved in /etc/ssh/ssh_host_ecdsa_key.
[   29.142314] cloud-init[797]: Your public key has been saved in /etc/ssh/ssh_host_ecdsa_key.pub.
[   29.143516] cloud-init[797]: The key fingerprint is:
[   29.144319] cloud-init[797]: SHA256:0rUypDdr2UK3R0BOse8G27miQNm+vbAu0rQJcN//KrI root@ubuntu-bionic
[   29.145567] cloud-init[797]: The key's randomart image is:
[   29.146020] cloud-init[797]: +---[ECDSA 256]---+
[   29.146861] cloud-init[797]: |          +.     |
[   29.147618] cloud-init[797]: |         + .     |
[   29.148427] cloud-init[797]: |        . =      |
[   29.149201] cloud-init[797]: |  . .  * . +     |
[[0;32m  OK  [0m] Started Initial cloud-init job (metadata service crawler).
[[0;32m  OK  [0m] Reached target Network is Online.
[   29.169816] cloud-init[797]: |   o .=.S + o    |
[   29.171567] cloud-init[797]: |    ..o=.O B .   |
[   29.172355] cloud-init[797]: |     +.oB.+ *    |
[   29.172874] cloud-init[797]: |    . *o.*oo .   |
[   29.173382] cloud-init[797]: |     .E==o+=o    |
[   29.173840] cloud-init[797]: +----[SHA256]-----+
[   29.184375] cloud-init[797]: Generating public/private ed25519 key pair.
[   29.185111] cloud-init[797]: Your identification has been saved in /etc/ssh/ssh_host_ed25519_key.
[[0;32m  OK  [0m] Reached target Remote File Systems (Pre).
[[0;32m  OK  [0m] Reached target Remote File Systems.
[   29.188842] cloud-init[797]: Your public key has been saved in /etc/ssh/ssh_host_ed25519_key.pub.
[   29.191540] cloud-init[797]: The key fingerprint is:
         Starting Availability of block devices...
[[0;32m  OK  [0m] Reached target Cloud-config availability.
[[0;32m  OK  [0m] Reached target System Initialization.
[   29.210044] [[0;32m  OK  [0m] Started Daily Cleanup of Temporary Directories.
cloud-init[797]: SHA256:KzfVrlrXNvTmM8gS/7SOSfC369S3GmHy61+5Wz/78g0 root@ubuntu-bionic
[[0;32m  OK  [0m] Started Message of the Day.
[   29.212639] cloud-init[797]: The key's randomart image is:         Starting Socket activation for snappy daemon.
[[0;32m  OK  [0m] Started Discard unused blocks once a week.

[   29.214713] cloud-init[797]: +--[ED25519 256]--+
[   29.216392] cloud-init[797]: |                 |
[   29.217271] cloud-init[797]: |                 |
[   29.218217] cloud-init[797]: |                 |
[   29.219172] cloud-init[797]: |           .     |
[   29.219783] cloud-init[797]: |        S .o.o.  |
[   29.220132] cloud-init[797]: |         o o*o..o|
[   29.220682] cloud-init[797]: |      . + . *=E=B|
[   29.221249] cloud-init[797]: |       o o +.=XO@|
[   29.221867] cloud-init[797]: |        ... o**/#|
[   29.222565] cloud-init[797]: +----[SHA256]-----+
[[0;32m  OK  [0m] Started ACPI Events Check.
[[0;32m  OK  [0m] Started Daily apt download activities.
[[0;32m  OK  [0m] Listening on UUID daemon activation socket.
         Starting LXD - unix socket.
[[0;32m  OK  [0m] Listening on D-Bus System Message Bus Socket.
[[0;32m  OK  [0m] Listening on ACPID Listen Socket.
[[0;32m  OK  [0m] Started Daily apt upgrade and clean activities.
[[0;32m  OK  [0m] Reached target Timers.
[[0;32m  OK  [0m] Reached target Paths.
[[0;32m  OK  [0m] Listening on Open-iSCSI iscsid Socket.
[[0;32m  OK  [0m] Started Availability of block devices.
[[0;32m  OK  [0m] Listening on Socket activation for snappy daemon.
[[0;32m  OK  [0m] Listening on LXD - unix socket.
[[0;32m  OK  [0m] Reached target Sockets.
[[0;32m  OK  [0m] Reached target Basic System.
         Starting LXD - container startup/shutdown...
[[0;32m  OK  [0m] Started irqbalance daemon.
         Starting LSB: automatic crash report generation...
         Starting System Logging Service...
[[0;32m  OK  [0m] Started Deferred execution scheduler.
[[0;32m  OK  [0m] Started Regular background program processing daemon.
[[0;32m  OK  [0m] Started D-Bus System Message Bus.
         Starting Virtualbox guest utils...
         Starting Permit User Sessions...
         Starting Accounts Service...
         Starting LSB: Record successful boot for GRUB...
         Starting Login Service...
         Starting Dispatcher daemon for systemd-networkd...
[[0;32m  OK  [0m] Started FUSE filesystem for LXC.
         Starting Pollinate to seed the pseudo random number generator...
         Starting Snappy daemon...
[[0;32m  OK  [0m] Started System Logging Service.
[[0;32m  OK  [0m] Started Permit User Sessions.
         Starting Hold until boot process finishes up...
         Starting Terminate Plymouth Boot Screen...
[[0;32m  OK  [0m] Started Hold until boot process finishes up.
[[0;32m  OK  [0m] Started Serial Getty on ttyS0.
         Starting Set console scheme...
[[0;32m  OK  [0m] Started Terminate Plymouth Boot Screen.
[[0;32m  OK  [0m] Started Login Service.
[[0;32m  OK  [0m] Started Unattended Upgrades Shutdown.
[[0;32m  OK  [0m] Started Set console scheme.
[[0;32m  OK  [0m] Created slice system-getty.slice.
[[0;32m  OK  [0m] Started Getty on tty1.
[[0;32m  OK  [0m] Reached target Login Prompts.
[[0;32m  OK  [0m] Started LSB: automatic crash report generation.
[[0;32m  OK  [0m] Started LSB: Record successful boot for GRUB.
         Starting Authorization Manager...
[[0;32m  OK  [0m] Started Virtualbox guest utils.
[[0;32m  OK  [0m] Started Authorization Manager.
[[0;32m  OK  [0m] Started Accounts Service.
[[0;32m  OK  [0m] Started Dispatcher daemon for systemd-networkd.

Ubuntu 18.04.3 LTS ubuntu-bionic ttyS0

ubuntu-bionic login: [   46.626938] cloud-init[1471]: Cloud-init v. 19.2-36-g059d049c-0ubuntu2~18.04.1 running 'modules:config' at Tue, 05 Nov 2019 22:15:37 +0000. Up 42.93 seconds.
ci-info: no authorized ssh keys fingerprints found for user ubuntu.
<14>Nov  5 22:15:41 ec2: 
<14>Nov  5 22:15:41 ec2: #############################################################
<14>Nov  5 22:15:41 ec2: -----BEGIN SSH HOST KEY FINGERPRINTS-----
<14>Nov  5 22:15:41 ec2: 1024 SHA256:nVlyNItUskO1L/GCSWqEQoibotR40UXd06skiaiPGHA root@ubuntu-bionic (DSA)
<14>Nov  5 22:15:41 ec2: 256 SHA256:0rUypDdr2UK3R0BOse8G27miQNm+vbAu0rQJcN//KrI root@ubuntu-bionic (ECDSA)
<14>Nov  5 22:15:41 ec2: 256 SHA256:KzfVrlrXNvTmM8gS/7SOSfC369S3GmHy61+5Wz/78g0 root@ubuntu-bionic (ED25519)
<14>Nov  5 22:15:41 ec2: 2048 SHA256:S3umsxb/MKqlJFdcSmAWL9SxGg7S/HKyvnsMqUx3XuU root@ubuntu-bionic (RSA)
<14>Nov  5 22:15:41 ec2: -----END SSH HOST KEY FINGERPRINTS-----
<14>Nov  5 22:15:41 ec2: #############################################################
-----BEGIN SSH HOST KEY KEYS-----
ecdsa-sha2-nistp256 AAAAE2VjZHNhLXNoYTItbmlzdHAyNTYAAAAIbmlzdHAyNTYAAABBBKBjpZA5e6qWeBifnPLLoEKTqIFrh4+0A3P3xVaQEwW6hG8BDxOtBJWWe6bmlr4FCTn1R2686OYlaIaX7+82C80= root@ubuntu-bionic
ssh-ed25519 AAAAC3NzaC1lZDI1NTE5AAAAIL90weGcokkzgCC2NA2b7JQu1s9o+p2hc6057cxlSc8A root@ubuntu-bionic
ssh-rsa AAAAB3NzaC1yc2EAAAADAQABAAABAQCvLhebstaMY5GygHMdkxNmpM26ztHd/lHVUYwN918T2iml9OZgqUHacYyOdjraBYZuQy6PeVu8R98/1fn/z0e+rXLQYzEYo2F3cNZwLMSp+kWw/Z2Un6Uxo2bpU09E4gkfsdEY0732VYl9j9UEJ5M9pJa1zHLdIPtrUQeKALEpDdbwN+dTYxlvCngb9aWBhahfDXB5l/Ujnntof/Hg/tDBR+OLiI1t43zsjsUc6h6TPJ1Z8vtlUXWjxjhLavioNLxKTzjdeGCQeSZA/BNYmDhxbqROs6a1RRds2ikbfmhbIMRxA6lE38upL0mIxLRZEfXnWwWbNXWZ0icBiOF0Hnat root@ubuntu-bionic
-----END SSH HOST KEY KEYS-----
[   47.091077] cloud-init[1555]: Cloud-init v. 19.2-36-g059d049c-0ubuntu2~18.04.1 running 'modules:final' at Tue, 05 Nov 2019 22:15:41 +0000. Up 46.93 seconds.
[   47.092564] cloud-init[1555]: ci-info: no authorized ssh keys fingerprints found for user ubuntu.
[   47.093700] cloud-init[1555]: Cloud-init v. 19.2-36-g059d049c-0ubuntu2~18.04.1 finished at Tue, 05 Nov 2019 22:15:41 +0000. Datasource DataSourceNoCloud [seed=/dev/sdb][dsmode=net].  Up 47.08 seconds
         Stopping Session 7 of user vagrant.
[[0;32m  OK  [0m] Stopped target Cloud-init target.
         Stopping Availability of block devices...
[[0;32m  OK  [0m] Stopped target Timers.
[[0;32m  OK  [0m] Stopped Daily apt upgrade and clean activities.
[[0;32m  OK  [0m] Stopped Message of the Day.
[[0;32m  OK  [0m] Stopped target Graphical Interface.
[[0;32m  OK  [0m] Stopped Discard unused blocks once a week.
[[0;32m  OK  [0m] Stopped Daily Cleanup of Temporary Directories.
[[0;32m  OK  [0m] Stopped Daily apt download activities.
         Stopping Authorization Manager...
[[0;32m  OK  [0m] Closed Load/Save RF Kill Switch Status /dev/rfkill Watch.
[[0;32m  OK  [0m] Stopped Execute cloud user/final scripts.
         Stopping User Manager for UID 1000...
[[0;32m  OK  [0m] Stopped target System Time Synchronized.
[[0;32m  OK  [0m] Stopped target Multi-User System.
         Stopping Unattended Upgrades Shutdown...
         Stopping irqbalance daemon...
         Stopping System Logging Service...
[[0;32m  OK  [0m] Stopped target Login Prompts.
         Stopping Getty on tty1...
         Stopping Serial Getty on ttyS0...
         Stopping LSB: Record successful boot for GRUB...
[[0;32m  OK  [0m] Stopped PostgreSQL RDBMS.
         Stopping PostgreSQL Cluster 9.4-main...
         Stopping Deferred execution scheduler...
         Stopping OpenBSD Secure Shell server...
         Stopping Virtualbox guest utils...
         Stopping FUSE filesystem for LXC...
         Stopping D-Bus System Message Bus...
         Stopping Advanced key-value store...
[[0;32m  OK  [0m] Stopped Apply the settings specified in cloud-config.
[[0;32m  OK  [0m] Stopped target Cloud-config availability.
[[0;32m  OK  [0m] Stopped target Network is Online.
[[0;32m  OK  [0m] Stopped Wait until snapd is fully seeded.
[[0;32m  OK  [0m] Stopped target Host and Network Name Lookups.
         Stopping Regular background program processing daemon...
         Stopping LXD - container startup/shutdown...
         Stopping Accounts Service...
         Stopping Dispatcher daemon for systemd-networkd...
         Stopping LSB: automatic crash report generation...
[[0;32m  OK  [0m] Unmounted /var/lib/lxcfs.
[[0;32m  OK  [0m] Stopped irqbalance daemon.
[[0;32m  OK  [0m] Stopped System Logging Service.
[[0;32m  OK  [0m] Stopped Deferred execution scheduler.
[[0;32m  OK  [0m] Stopped Regular background program processing daemon.
[[0;32m  OK  [0m] Stopped Dispatcher daemon for systemd-networkd.
[[0;32m  OK  [0m] Stopped Serial Getty on ttyS0.
[[0;32m  OK  [0m] Stopped Getty on tty1.
[[0;32m  OK  [0m] Stopped Authorization Manager.
[[0;32m  OK  [0m] Stopped Accounts Service.
[[0;32m  OK  [0m] Stopped Unattended Upgrades Shutdown.
[[0;32m  OK  [0m] Stopped OpenBSD Secure Shell server.
[[0;32m  OK  [0m] Stopped User Manager for UID 1000.
[[0;32m  OK  [0m] Stopped D-Bus System Message Bus.
[[0;32m  OK  [0m] Stopped Session 7 of user vagrant.
[[0;32m  OK  [0m] Removed slice User Slice of vagrant.
         Stopping Login Service...
[[0;32m  OK  [0m] Removed slice system-getty.slice.
[[0;32m  OK  [0m] Removed slice system-serial\x2dgetty.slice.
         Stopping Permit User Sessions...
[[0;32m  OK  [0m] Stopped Permit User Sessions.
[[0;32m  OK  [0m] Stopped LSB: Record successful boot for GRUB.
[[0;32m  OK  [0m] Stopped Virtualbox guest utils.
[[0;32m  OK  [0m] Stopped Login Service.
[[0;32m  OK  [0m] Stopped target User and Group Name Lookups.
[[0;32m  OK  [0m] Stopped LXD - container startup/shutdown.
[[0;32m  OK  [0m] Stopped FUSE filesystem for LXC.
[[0;32m  OK  [0m] Stopped LSB: automatic crash report generation.
[[0;32m  OK  [0m] Stopped target Remote File Systems.
[[0;32m  OK  [0m] Stopped target Remote File Systems (Pre).
[[0;32m  OK  [0m] Stopped Availability of block devices.
[[0;32m  OK  [0m] Stopped Advanced key-value store.
[[0;32m  OK  [0m] Stopped PostgreSQL Cluster 9.4-main.
[[0;32m  OK  [0m] Stopped target Basic System.
[[0;32m  OK  [0m] Stopped target Sockets.
[[0;32m  OK  [0m] Closed Syslog Socket.
[[0;32m  OK  [0m] Closed ACPID Listen Socket.
[[0;32m  OK  [0m] Closed D-Bus System Message Bus Socket.
[[0;32m  OK  [0m] Closed Socket activation for snappy daemon.
[[0;32m  OK  [0m] Closed UUID daemon activation socket.
[[0;32m  OK  [0m] Closed LXD - unix socket.
[[0;32m  OK  [0m] Closed Open-iSCSI iscsid Socket.
[[0;32m  OK  [0m] Stopped target Paths.
[[0;32m  OK  [0m] Stopped ACPI Events Check.
[[0;32m  OK  [0m] Stopped target Slices.
[[0;32m  OK  [0m] Removed slice User and Session Slice.
[[0;32m  OK  [0m] Removed slice system-postgresql.slice.
[[0;32m  OK  [0m] Stopped target Network.
         Stopping Network Name Resolution...
[[0;32m  OK  [0m] Stopped target System Initialization.
[[0;32m  OK  [0m] Stopped Initial cloud-init job (metadata service crawler).
[[0;32m  OK  [0m] Stopped Wait for Network to be Configured.
[[0;32m  OK  [0m] Stopped Commit a transient machine-id on disk.
         Stopping Update UTMP about System Boot/Shutdown...
[[0;32m  OK  [0m] Stopped target Local Encrypted Volumes.
[[0;32m  OK  [0m] Stopped Forward Password Requests to Wall Directory Watch.
[[0;32m  OK  [0m] Stopped Dispatch Password Requests to Console Directory Watch.
         Stopping Load/Save Random Seed...
[[0;32m  OK  [0m] Stopped Network Name Resolution.
[[0;32m  OK  [0m] Stopped Load/Save Random Seed.
         Stopping Network Service...
[[0;32m  OK  [0m] Stopped Update UTMP about System Boot/Shutdown.
[[0;32m  OK  [0m] Stopped Create Volatile Files and Directories.
[[0;32m  OK  [0m] Stopped target Local File Systems.
         Unmounting /home/vagrant/django-vagrant...
         Unmounting /run/user/1000...
[[0;32m  OK  [0m] Stopped Network Service.
[[0;32m  OK  [0m] Unmounted /home/vagrant/django-vagrant.
[[0;32m  OK  [0m] Unmounted /run/user/1000.
[[0;32m  OK  [0m] Stopped target Swap.
[[0;32m  OK  [0m] Reached target Unmount All Filesystems.
[[0;32m  OK  [0m] Stopped target Local File Systems (Pre).
[[0;32m  OK  [0m] Stopped Create Static Device Nodes in /dev.
         Stopping Monitoring of LVM2 mirrorsâ€¦ng dmeventd or progress polling...
[[0;32m  OK  [0m] Stopped Apply Kernel Variables.
[[0;32m  OK  [0m] Stopped Load Kernel Modules.
[[0;32m  OK  [0m] Stopped target Network (Pre).
[[0;32m  OK  [0m] Stopped Initial cloud-init job (pre-networking).
[[0;32m  OK  [0m] Stopped Remount Root and Kernel File Systems.
[[0;32m  OK  [0m] Reached target Shutdown.
[[0;32m  OK  [0m] Reached target Final Step.
         Starting Power-Off...
[[0;32m  OK  [0m] Stopped Monitoring of LVM2 mirrors,â€¦sing dmeventd or progress polling.
         Stopping LVM2 metadata daemon...
[[0;32m  OK  [0m] Stopped LVM2 metadata daemon.
[  382.684913] reboot: Power down
